
  --------------------------------------------------
  This is the package       ** Poly-R12 **          
  written by Toru Shiozaki (shiozaki.toru@gmail.com)
  --------------------------------------------------

  === Geometry ===

  Symmetry: d2h

  C   0.0000000000   0.6731020000   0.0000000000
  H   0.9351450000   1.2466590000   0.0000000000
  H  -0.9351450000   1.2466590000   0.0000000000
  C   0.0000000000  -0.6731020000   0.0000000000
  H  -0.9351450000  -1.2466590000   0.0000000000
  H   0.9351450000  -1.2466590000   0.0000000000

  === Nuclear Repulsion===
  
    62.3714424086

  === RHF iteration (cc-pVDZ)===
  
      0    -70.622709892200      0.106851683815           0.09
      1    -72.781775063221      0.120066644057           0.09
      2    -72.871103143242      0.033010617190           0.09
      3    -74.627854651789      0.041164370203           0.09
      4    -74.682603832943      0.049940041764           0.09
      5    -74.203882485414      0.012720496111           0.09
      6    -74.087622237240      0.001839947714           0.09
      7    -74.065620953520      0.000654851873           0.09
      8    -74.067213293706      0.000360974997           0.09
      9    -74.070906605766      0.000043065200           0.09
     10    -74.070556468248      0.000002378327           0.09
     11    -74.070557339632      0.000000098826           0.09
     12    -74.070557882584      0.000000028205           0.09
     13    -74.070557884271      0.000000003009           0.09
     14    -74.070557884044      0.000000000504           0.09
     15    -74.070557884066      0.000000000023           0.09
     16    -74.070557884083      0.000000000003           0.08
     17    -74.070557884067      0.000000000001           0.08
  
    * SCF iteration converged.


  Normal termination.
  --------------------------------------------------

